Archive member included to satisfy reference by file (symbol)

/Applications/STM32CubeIDE.app/Contents/Eclipse/plugins/com.st.stm32cube.ide.mcu.externaltools.gnu-tools-for-stm32.13.3.rel1.macos64_1.0.0.202411102158/tools/bin/../lib/gcc/arm-none-eabi/13.3.1/../../../../arm-none-eabi/lib/thumb/v7e-m+fp/hard/libc_nano.a(libc_a-exit.o)
                              /Applications/STM32CubeIDE.app/Contents/Eclipse/plugins/com.st.stm32cube.ide.mcu.externaltools.gnu-tools-for-stm32.13.3.rel1.macos64_1.0.0.202411102158/tools/bin/../lib/gcc/arm-none-eabi/13.3.1/../../../../arm-none-eabi/lib/thumb/v7e-m+fp/hard/crt0.o (exit)
/Applications/STM32CubeIDE.app/Contents/Eclipse/plugins/com.st.stm32cube.ide.mcu.externaltools.gnu-tools-for-stm32.13.3.rel1.macos64_1.0.0.202411102158/tools/bin/../lib/gcc/arm-none-eabi/13.3.1/../../../../arm-none-eabi/lib/thumb/v7e-m+fp/hard/libc_nano.a(libc_a-findfp.o)
                              /Applications/STM32CubeIDE.app/Contents/Eclipse/plugins/com.st.stm32cube.ide.mcu.externaltools.gnu-tools-for-stm32.13.3.rel1.macos64_1.0.0.202411102158/tools/bin/../lib/gcc/arm-none-eabi/13.3.1/../../../../arm-none-eabi/lib/thumb/v7e-m+fp/hard/libc_nano.a(libc_a-exit.o) (__stdio_exit_handler)
/Applications/STM32CubeIDE.app/Contents/Eclipse/plugins/com.st.stm32cube.ide.mcu.externaltools.gnu-tools-for-stm32.13.3.rel1.macos64_1.0.0.202411102158/tools/bin/../lib/gcc/arm-none-eabi/13.3.1/../../../../arm-none-eabi/lib/thumb/v7e-m+fp/hard/libc_nano.a(libc_a-fwalk.o)
                              /Applications/STM32CubeIDE.app/Contents/Eclipse/plugins/com.st.stm32cube.ide.mcu.externaltools.gnu-tools-for-stm32.13.3.rel1.macos64_1.0.0.202411102158/tools/bin/../lib/gcc/arm-none-eabi/13.3.1/../../../../arm-none-eabi/lib/thumb/v7e-m+fp/hard/libc_nano.a(libc_a-findfp.o) (_fwalk_sglue)
/Applications/STM32CubeIDE.app/Contents/Eclipse/plugins/com.st.stm32cube.ide.mcu.externaltools.gnu-tools-for-stm32.13.3.rel1.macos64_1.0.0.202411102158/tools/bin/../lib/gcc/arm-none-eabi/13.3.1/../../../../arm-none-eabi/lib/thumb/v7e-m+fp/hard/libc_nano.a(libc_a-memset.o)
                              /Applications/STM32CubeIDE.app/Contents/Eclipse/plugins/com.st.stm32cube.ide.mcu.externaltools.gnu-tools-for-stm32.13.3.rel1.macos64_1.0.0.202411102158/tools/bin/../lib/gcc/arm-none-eabi/13.3.1/../../../../arm-none-eabi/lib/thumb/v7e-m+fp/hard/crt0.o (memset)
/Applications/STM32CubeIDE.app/Contents/Eclipse/plugins/com.st.stm32cube.ide.mcu.externaltools.gnu-tools-for-stm32.13.3.rel1.macos64_1.0.0.202411102158/tools/bin/../lib/gcc/arm-none-eabi/13.3.1/../../../../arm-none-eabi/lib/thumb/v7e-m+fp/hard/libc_nano.a(libc_a-errno.o)
                              ./Core/Src/syscalls.o (__errno)
/Applications/STM32CubeIDE.app/Contents/Eclipse/plugins/com.st.stm32cube.ide.mcu.externaltools.gnu-tools-for-stm32.13.3.rel1.macos64_1.0.0.202411102158/tools/bin/../lib/gcc/arm-none-eabi/13.3.1/../../../../arm-none-eabi/lib/thumb/v7e-m+fp/hard/libc_nano.a(libc_a-init.o)
                              /Applications/STM32CubeIDE.app/Contents/Eclipse/plugins/com.st.stm32cube.ide.mcu.externaltools.gnu-tools-for-stm32.13.3.rel1.macos64_1.0.0.202411102158/tools/bin/../lib/gcc/arm-none-eabi/13.3.1/../../../../arm-none-eabi/lib/thumb/v7e-m+fp/hard/crt0.o (__libc_init_array)
/Applications/STM32CubeIDE.app/Contents/Eclipse/plugins/com.st.stm32cube.ide.mcu.externaltools.gnu-tools-for-stm32.13.3.rel1.macos64_1.0.0.202411102158/tools/bin/../lib/gcc/arm-none-eabi/13.3.1/../../../../arm-none-eabi/lib/thumb/v7e-m+fp/hard/libc_nano.a(libc_a-lock.o)
                              /Applications/STM32CubeIDE.app/Contents/Eclipse/plugins/com.st.stm32cube.ide.mcu.externaltools.gnu-tools-for-stm32.13.3.rel1.macos64_1.0.0.202411102158/tools/bin/../lib/gcc/arm-none-eabi/13.3.1/../../../../arm-none-eabi/lib/thumb/v7e-m+fp/hard/libc_nano.a(libc_a-findfp.o) (__retarget_lock_init_recursive)
/Applications/STM32CubeIDE.app/Contents/Eclipse/plugins/com.st.stm32cube.ide.mcu.externaltools.gnu-tools-for-stm32.13.3.rel1.macos64_1.0.0.202411102158/tools/bin/../lib/gcc/arm-none-eabi/13.3.1/../../../../arm-none-eabi/lib/thumb/v7e-m+fp/hard/libc_nano.a(libc_a-impure.o)
                              /Applications/STM32CubeIDE.app/Contents/Eclipse/plugins/com.st.stm32cube.ide.mcu.externaltools.gnu-tools-for-stm32.13.3.rel1.macos64_1.0.0.202411102158/tools/bin/../lib/gcc/arm-none-eabi/13.3.1/../../../../arm-none-eabi/lib/thumb/v7e-m+fp/hard/libc_nano.a(libc_a-errno.o) (_impure_ptr)
/Applications/STM32CubeIDE.app/Contents/Eclipse/plugins/com.st.stm32cube.ide.mcu.externaltools.gnu-tools-for-stm32.13.3.rel1.macos64_1.0.0.202411102158/tools/bin/../lib/gcc/arm-none-eabi/13.3.1/../../../../arm-none-eabi/lib/thumb/v7e-m+fp/hard/libc_nano.a(libc_a-mallocr.o)
[...]
Memory Configuration

Name             Origin             Length             Attributes
RAM              0x20000000         0x00020000         xrw
FLASH            0x08000000         0x00080000         xr
*default*        0x00000000         0xffffffff

Linker script and memory map

LOAD /Applications/STM32CubeIDE.app/Contents/Eclipse/plugins/com.st.stm32cube.ide.mcu.externaltools.gnu-tools-for-stm32.13.3.rel1.macos64_1.0.0.202411102158/tools/bin/../lib/gcc/arm-none-eabi/13.3.1/thumb/v7e-m+fp/hard/crti.o
LOAD /Applications/STM32CubeIDE.app/Contents/Eclipse/plugins/com.st.stm32cube.ide.mcu.externaltools.gnu-tools-for-stm32.13.3.rel1.macos64_1.0.0.202411102158/tools/bin/../lib/gcc/arm-none-eabi/13.3.1/thumb/v7e-m+fp/hard/crtbegin.o
LOAD /Applications/STM32CubeIDE.app/Contents/Eclipse/plugins/com.st.stm32cube.ide.mcu.externaltools.gnu-tools-for-stm32.13.3.rel1.macos64_1.0.0.202411102158/tools/bin/../lib/gcc/arm-none-eabi/13.3.1/../../../../arm-none-eabi/lib/thumb/v7e-m+fp/hard/crt0.o
LOAD ./Core/Src/main.o
LOAD ./Core/Src/stm32f4xx_hal_msp.o
LOAD ./Core/Src/stm32f4xx_it.o
LOAD ./Core/Src/syscalls.o
LOAD ./Core/Src/sysmem.o
LOAD ./Core/Src/system_stm32f4xx.o
LOAD ./Core/Startup/startup_stm32f446retx.o
LOAD ./Drivers/STM32F4xx_HAL_Driver/Src/stm32f4xx_hal.o
LOAD ./Drivers/STM32F4xx_HAL_Driver/Src/stm32f4xx_hal_cortex.o
LOAD ./Drivers/STM32F4xx_HAL_Driver/Src/stm32f4xx_hal_dma.o
LOAD ./Drivers/STM32F4xx_HAL_Driver/Src/stm32f4xx_hal_dma_ex.o
LOAD ./Drivers/STM32F4xx_HAL_Driver/Src/stm32f4xx_hal_exti.o
LOAD ./Drivers/STM32F4xx_HAL_Driver/Src/stm32f4xx_hal_flash.o
LOAD ./Drivers/STM32F4xx_HAL_Driver/Src/stm32f4xx_hal_flash_ex.o
LOAD ./Drivers/STM32F4xx_HAL_Driver/Src/stm32f4xx_hal_flash_ramfunc.o
LOAD ./Drivers/STM32F4xx_HAL_Driver/Src/stm32f4xx_hal_gpio.o
LOAD ./Drivers/STM32F4xx_HAL_Driver/Src/stm32f4xx_hal_i2c.o
LOAD ./Drivers/STM32F4xx_HAL_Driver/Src/stm32f4xx_hal_i2c_ex.o
LOAD ./Drivers/STM32F4xx_HAL_Driver/Src/stm32f4xx_hal_pwr.o
LOAD ./Drivers/STM32F4xx_HAL_Driver/Src/stm32f4xx_hal_pwr_ex.o
LOAD ./Drivers/STM32F4xx_HAL_Driver/Src/stm32f4xx_hal_rcc.o
LOAD ./Drivers/STM32F4xx_HAL_Driver/Src/stm32f4xx_hal_rcc_ex.o
LOAD ./Drivers/STM32F4xx_HAL_Driver/Src/stm32f4xx_hal_tim.o
LOAD ./Drivers/STM32F4xx_HAL_Driver/Src/stm32f4xx_hal_tim_ex.o
LOAD ./Drivers/STM32F4xx_HAL_Driver/Src/stm32f4xx_hal_uart.o
LOAD ./user_files/src/servo_driver.o
LOAD ./user_files/src/stepper_driver.o
START GROUP
LOAD /Applications/STM32CubeIDE.app/Contents/Eclipse/plugins/com.st.stm32cube.ide.mcu.externaltools.gnu-tools-for-stm32.13.3.rel1.macos64_1.0.0.202411102158/tools/bin/../lib/gcc/arm-none-eabi/13.3.1/../../../../arm-none-eabi/lib/thumb/v7e-m+fp/hard/libc_nano.a
LOAD /Applications/STM32CubeIDE.app/Contents/Eclipse/plugins/com.st.stm32cube.ide.mcu.externaltools.gnu-tools-for-stm32.13.3.rel1.macos64_1.0.0.202411102158/tools/bin/../lib/gcc/arm-none-eabi/13.3.1/../../../../arm-none-eabi/lib/thumb/v7e-m+fp/hard/libm.a
END GROUP
START GROUP
LOAD /Applications/STM32CubeIDE.app/Contents/Eclipse/plugins/com.st.stm32cube.ide.mcu.externaltools.gnu-tools-for-stm32.13.3.rel1.macos64_1.0.0.202411102158/tools/bin/../lib/gcc/arm-none-eabi/13.3.1/thumb/v7e-m+fp/hard/libgcc.a
LOAD /Applications/STM32CubeIDE.app/Contents/Eclipse/plugins/com.st.stm32cube.ide.mcu.externaltools.gnu-tools-for-stm32.13.3.rel1.macos64_1.0.0.202411102158/tools/bin/../lib/gcc/arm-none-eabi/13.3.1/../../../../arm-none-eabi/lib/thumb/v7e-m+fp/hard/libc_nano.a
END GROUP
START GROUP
LOAD /Applications/STM32CubeIDE.app/Contents/Eclipse/plugins/com.st.stm32cube.ide.mcu.externaltools.gnu-tools-for-stm32.13.3.rel1.macos64_1.0.0.202411102158/tools/bin/../lib/gcc/arm-none-eabi/13.3.1/thumb/v7e-m+fp/hard/libgcc.a
LOAD /Applications/STM32CubeIDE.app/Contents/Eclipse/plugins/com.st.stm32cube.ide.mcu.externaltools.gnu-tools-for-stm32.13.3.rel1.macos64_1.0.0.202411102158/tools/bin/../lib/gcc/arm-none-eabi/13.3.1/../../../../arm-none-eabi/lib/thumb/v7e-m+fp/hard/libc_nano.a
LOAD /Applications/STM32CubeIDE.app/Contents/Eclipse/plugins/com.st.stm32cube.ide.mcu.externaltools.gnu-tools-for-stm32.13.3.rel1.macos64_1.0.0.202411102158/tools/bin/../lib/gcc/arm-none-eabi/13.3.1/../../../../arm-none-eabi/lib/thumb/v7e-m+fp/hard/libnosys.a
END GROUP
START GROUP
LOAD /Applications/STM32CubeIDE.app/Contents/Eclipse/plugins/com.st.stm32cube.ide.mcu.externaltools.gnu-tools-for-stm32.13.3.rel1.macos64_1.0.0.202411102158/tools/bin/../lib/gcc/arm-none-eabi/13.3.1/thumb/v7e-m+fp/hard/libgcc.a
LOAD /Applications/STM32CubeIDE.app/Contents/Eclipse/plugins/com.st.stm32cube.ide.mcu.externaltools.gnu-tools-for-stm32.13.3.rel1.macos64_1.0.0.202411102158/tools/bin/../lib/gcc/arm-none-eabi/13.3.1/../../../../arm-none-eabi/lib/thumb/v7e-m+fp/hard/libc_nano.a
LOAD /Applications/STM32CubeIDE.app/Contents/Eclipse/plugins/com.st.stm32cube.ide.mcu.externaltools.gnu-tools-for-stm32.13.3.rel1.macos64_1.0.0.202411102158/tools/bin/../lib/gcc/arm-none-eabi/13.3.1/../../../../arm-none-eabi/lib/thumb/v7e-m+fp/hard/libnosys.a
END GROUP
LOAD /Applications/STM32CubeIDE.app/Contents/Eclipse/plugins/com.st.stm32cube.ide.mcu.externaltools.gnu-tools-for-stm32.13.3.rel1.macos64_1.0.0.202411102158/tools/bin/../lib/gcc/arm-none-eabi/13.3.1/thumb/v7e-m+fp/hard/crtend.o
LOAD /Applications/STM32CubeIDE.app/Contents/Eclipse/plugins/com.st.stm32cube.ide.mcu.externaltools.gnu-tools-for-stm32.13.3.rel1.macos64_1.0.0.202411102158/tools/bin/../lib/gcc/arm-none-eabi/13.3.1/thumb/v7e-m+fp/hard/crtn.o
                0x20020000                        _estack = (ORIGIN (RAM) + LENGTH (RAM))
                0x00000200                        _Min_Heap_Size = 0x200
                0x00000400                        _Min_Stack_Size = 0x400

.isr_vector     0x08000000      0x1c4
                0x08000000                        . = ALIGN (0x4)
 *(.isr_vector)
 .isr_vector    0x08000000      0x1c4 ./Core/Startup/startup_stm32f446retx.o
                0x08000000                g_pfnVectors
                0x080001c4                        . = ALIGN (0x4)

.text           0x080001c4     0x4590
                0x080001c4                        . = ALIGN (0x4)
 *(.text)
 .text          0x080001c4       0x40 /Applications/STM32CubeIDE.app/Contents/Eclipse/plugins/com.st.stm32cube.ide.mcu.externaltools.gnu-tools-for-stm32.13.3.rel1.macos64_1.0.0.202411102158/tools/bin/../lib/gcc/arm-none-eabi/13.3.1/thumb/v7e-m+fp/hard/crtbegin.o
 .text          0x08000204       0x30 /Applications/STM32CubeIDE.app/Contents/Eclipse/plugins/com.st.stm32cube.ide.mcu.externaltools.gnu-tools-for-stm32.13.3.rel1.macos64_1.0.0.202411102158/tools/bin/../lib/gcc/arm-none-eabi/13.3.1/thumb/v7e-m+fp/hard/libgcc.a(_aeabi_uldivmod.o)
                0x08000204                __aeabi_uldivmod
 .text          0x08000234      0x2f8 /Applications/STM32CubeIDE.app/Contents/Eclipse/plugins/com.st.stm32cube.ide.mcu.externaltools.gnu-tools-for-stm32.13.3.rel1.macos64_1.0.0.202411102158/tools/bin/../lib/gcc/arm-none-eabi/13.3.1/thumb/v7e-m+fp/hard/libgcc.a(_udivmoddi4.o)
                0x08000234                __udivmoddi4
 .text          0x0800052c        0x4 /Applications/STM32CubeIDE.app/Contents/Eclipse/plugins/com.st.stm32cube.ide.mcu.externaltools.gnu-tools-for-stm32.13.3.rel1.macos64_1.0.0.202411102158/tools/bin/../lib/gcc/arm-none-eabi/13.3.1/thumb/v7e-m+fp/hard/libgcc.a(_dvmd_tls.o)
                0x0800052c                __aeabi_ldiv0
                0x0800052c                __aeabi_idiv0
 *(.text*)
 .text.main     0x08000530      0x1f0 ./Core/Src/main.o
                0x08000530                main
 .text.SystemClock_Config
                0x08000720       0xe4 ./Core/Src/main.o
                0x08000720                SystemClock_Config
 .text.MX_I2C2_Init
                0x08000804       0x5c ./Core/Src/main.o
 .text.MX_TIM10_Init
                0x08000860       0x9c ./Core/Src/main.o
 .text.MX_USART2_UART_Init
                0x080008fc       0x54 ./Core/Src/main.o
 .text.MX_GPIO_Init
                0x08000950      0x158 ./Core/Src/main.o
 .text.Error_Handler
                0x08000aa8        0xc ./Core/Src/main.o
                0x08000aa8                Error_Handler
 .text.HAL_MspInit
                0x08000ab4       0x50 ./Core/Src/stm32f4xx_hal_msp.o
                0x08000ab4                HAL_MspInit
 .text.HAL_I2C_MspInit
                0x08000b04       0xd4 ./Core/Src/stm32f4xx_hal_msp.o
                0x08000b04                HAL_I2C_MspInit
 .text.HAL_TIM_Base_MspInit
                0x08000bd8       0x50 ./Core/Src/stm32f4xx_hal_msp.o
                0x08000bd8                HAL_TIM_Base_MspInit
 .text.HAL_TIM_MspPostInit
                0x08000c28       0x74 ./Core/Src/stm32f4xx_hal_msp.o
                0x08000c28                HAL_TIM_MspPostInit
 .text.HAL_UART_MspInit
                0x08000c9c       0x90 ./Core/Src/stm32f4xx_hal_msp.o
                0x08000c9c                HAL_UART_MspInit
 .text.NMI_Handler
                0x08000d2c        0x8 ./Core/Src/stm32f4xx_it.o
                0x08000d2c                NMI_Handler
 .text.HardFault_Handler
                0x08000d34        0x8 ./Core/Src/stm32f4xx_it.o
                0x08000d34                HardFault_Handler
 .text.MemManage_Handler
                0x08000d3c        0x8 ./Core/Src/stm32f4xx_it.o
                0x08000d3c                MemManage_Handler
 .text.BusFault_Handler
                0x08000d44        0x8 ./Core/Src/stm32f4xx_it.o
                0x08000d44                BusFault_Handler
 .text.UsageFault_Handler
                0x08000d4c        0x8 ./Core/Src/stm32f4xx_it.o
                0x08000d4c                UsageFault_Handler
 .text.SVC_Handler
                0x08000d54        0xe ./Core/Src/stm32f4xx_it.o
                0x08000d54                SVC_Handler
 .text.DebugMon_Handler
                0x08000d62        0xe ./Core/Src/stm32f4xx_it.o
                0x08000d62                DebugMon_Handler
 .text.PendSV_Handler
                0x08000d70        0xe ./Core/Src/stm32f4xx_it.o
                0x08000d70                PendSV_Handler
 .text.SysTick_Handler
                0x08000d7e        0xc ./Core/Src/stm32f4xx_it.o
                0x08000d7e                SysTick_Handler
 *fill*         0x08000d8a        0x2 
 .text.TIM1_UP_TIM10_IRQHandler
                0x08000d8c       0x14 ./Core/Src/stm32f4xx_it.o
                0x08000d8c                TIM1_UP_TIM10_IRQHandler
 .text.SystemInit
                0x08000da0       0x24 ./Core/Src/system_stm32f4xx.o
                0x08000da0                SystemInit
 .text.Reset_Handler
                0x08000dc4       0x50 ./Core/Startup/startup_stm32f446retx.o
                0x08000dc4                Reset_Handler
 .text.Default_Handler
                0x08000e14        0x2 ./Core/Startup/startup_stm32f446retx.o
                0x08000e14                DMA1_Stream3_IRQHandler
                0x08000e14                EXTI2_IRQHandler
                0x08000e14                TIM8_CC_IRQHandler
                0x08000e14                FMPI2C1_EV_IRQHandler
                0x08000e14                SPI4_IRQHandler
                0x08000e14                TIM1_CC_IRQHandler
                0x08000e14                DMA2_Stream5_IRQHandler
                0x08000e14                DMA1_Stream5_IRQHandler
                0x08000e14                PVD_IRQHandler
                0x08000e14                SDIO_IRQHandler
                0x08000e14                TAMP_STAMP_IRQHandler
                0x08000e14                CAN2_RX1_IRQHandler
                0x08000e14                EXTI3_IRQHandler
                0x08000e14                TIM8_TRG_COM_TIM14_IRQHandler
                0x08000e14                TIM8_UP_TIM13_IRQHandler
                0x08000e14                I2C3_ER_IRQHandler
                0x08000e14                EXTI0_IRQHandler
                0x08000e14                I2C2_EV_IRQHandler
                0x08000e14                DMA1_Stream2_IRQHandler
                0x08000e14                CAN1_RX0_IRQHandler
                0x08000e14                FPU_IRQHandler
                0x08000e14                OTG_HS_WKUP_IRQHandler
                0x08000e14                CAN2_SCE_IRQHandler
                0x08000e14                DMA2_Stream2_IRQHandler
                0x08000e14                SPI1_IRQHandler
                0x08000e14                TIM6_DAC_IRQHandler
                0x08000e14                TIM1_BRK_TIM9_IRQHandler
                0x08000e14                DCMI_IRQHandler
                0x08000e14                CAN2_RX0_IRQHandler
                0x08000e14                DMA2_Stream3_IRQHandler
                0x08000e14                SAI2_IRQHandler
                0x08000e14                USART6_IRQHandler
                0x08000e14                USART3_IRQHandler
                0x08000e14                CAN1_RX1_IRQHandler
                0x08000e14                UART5_IRQHandler
                0x08000e14                DMA2_Stream0_IRQHandler
                0x08000e14                TIM4_IRQHandler
                0x08000e14                QUADSPI_IRQHandler
                0x08000e14                I2C1_EV_IRQHandler
                0x08000e14                DMA1_Stream6_IRQHandler
                0x08000e14                DMA1_Stream1_IRQHandler
                0x08000e14                UART4_IRQHandler
                0x08000e14                TIM3_IRQHandler
                0x08000e14                RCC_IRQHandler
                0x08000e14                TIM8_BRK_TIM12_IRQHandler
                0x08000e14                Default_Handler
                0x08000e14                CEC_IRQHandler
                0x08000e14                EXTI15_10_IRQHandler
                0x08000e14                ADC_IRQHandler
                0x08000e14                DMA1_Stream7_IRQHandler
                0x08000e14                TIM7_IRQHandler
                0x08000e14                CAN2_TX_IRQHandler
                0x08000e14                TIM5_IRQHandler
                0x08000e14                DMA2_Stream7_IRQHandler
                0x08000e14                I2C3_EV_IRQHandler
                0x08000e14                EXTI9_5_IRQHandler
                0x08000e14                RTC_WKUP_IRQHandler
                0x08000e14                SPDIF_RX_IRQHandler
                0x08000e14                SPI2_IRQHandler
                0x08000e14                OTG_HS_EP1_IN_IRQHandler
                0x08000e14                DMA1_Stream0_IRQHandler
                0x08000e14                CAN1_TX_IRQHandler
                0x08000e14                FMPI2C1_ER_IRQHandler
                0x08000e14                EXTI4_IRQHandler
                0x08000e14                OTG_HS_EP1_OUT_IRQHandler
                0x08000e14                WWDG_IRQHandler
                0x08000e14                TIM2_IRQHandler
                0x08000e14                OTG_FS_WKUP_IRQHandler
                0x08000e14                TIM1_TRG_COM_TIM11_IRQHandler
                0x08000e14                OTG_HS_IRQHandler
                0x08000e14                EXTI1_IRQHandler
                0x08000e14                USART2_IRQHandler
                0x08000e14                I2C2_ER_IRQHandler
                0x08000e14                DMA2_Stream1_IRQHandler
                0x08000e14                CAN1_SCE_IRQHandler
                0x08000e14                FLASH_IRQHandler
                0x08000e14                DMA2_Stream4_IRQHandler
                0x08000e14                USART1_IRQHandler
                0x08000e14                OTG_FS_IRQHandler
                0x08000e14                SPI3_IRQHandler
                0x08000e14                DMA1_Stream4_IRQHandler
                0x08000e14                I2C1_ER_IRQHandler
                0x08000e14                FMC_IRQHandler
                0x08000e14                DMA2_Stream6_IRQHandler
                0x08000e14                SAI1_IRQHandler
                0x08000e14                RTC_Alarm_IRQHandler
 *fill*         0x08000e16        0x2 
 .text.HAL_Init
                0x08000e18       0x44 ./Drivers/STM32F4xx_HAL_Driver/Src/stm32f4xx_hal.o
                0x08000e18                HAL_Init
 .text.HAL_InitTick
                0x08000e5c       0x60 ./Drivers/STM32F4xx_HAL_Driver/Src/stm32f4xx_hal.o
                0x08000e5c                HAL_InitTick
 .text.HAL_IncTick
                0x08000ebc       0x28 ./Drivers/STM32F4xx_HAL_Driver/Src/stm32f4xx_hal.o
                0x08000ebc                HAL_IncTick
 .text.HAL_GetTick
                0x08000ee4       0x18 ./Drivers/STM32F4xx_HAL_Driver/Src/stm32f4xx_hal.o
                0x08000ee4                HAL_GetTick
 .text.HAL_Delay
                0x08000efc       0x48 ./Drivers/STM32F4xx_HAL_Driver/Src/stm32f4xx_hal.o
                0x08000efc                HAL_Delay
 .text.__NVIC_SetPriorityGrouping
                0x08000f44       0x48 ./Drivers/STM32F4xx_HAL_Driver/Src/stm32f4xx_hal_cortex.o
 .text.__NVIC_GetPriorityGrouping
                0x08000f8c       0x1c ./Drivers/STM32F4xx_HAL_Driver/Src/stm32f4xx_hal_cortex.o
 .text.__NVIC_EnableIRQ
                0x08000fa8       0x3c ./Drivers/STM32F4xx_HAL_Driver/Src/stm32f4xx_hal_cortex.o
 .text.__NVIC_SetPriority
                0x08000fe4       0x54 ./Drivers/STM32F4xx_HAL_Driver/Src/stm32f4xx_hal_cortex.o
 .text.NVIC_EncodePriority
                0x08001038       0x66 ./Drivers/STM32F4xx_HAL_Driver/Src/stm32f4xx_hal_cortex.o
 *fill*         0x0800109e        0x2 
 .text.SysTick_Config
                0x080010a0       0x44 ./Drivers/STM32F4xx_HAL_Driver/Src/stm32f4xx_hal_cortex.o
 .text.HAL_NVIC_SetPriorityGrouping
                0x080010e4       0x16 ./Drivers/STM32F4xx_HAL_Driver/Src/stm32f4xx_hal_cortex.o
                0x080010e4                HAL_NVIC_SetPriorityGrouping
 .text.HAL_NVIC_SetPriority
                0x080010fa       0x38 ./Drivers/STM32F4xx_HAL_Driver/Src/stm32f4xx_hal_cortex.o
                0x080010fa                HAL_NVIC_SetPriority
 .text.HAL_NVIC_EnableIRQ
                0x08001132       0x1c ./Drivers/STM32F4xx_HAL_Driver/Src/stm32f4xx_hal_cortex.o
                0x08001132                HAL_NVIC_EnableIRQ
 .text.HAL_SYSTICK_Config
                0x0800114e       0x18 ./Drivers/STM32F4xx_HAL_Driver/Src/stm32f4xx_hal_cortex.o
                0x0800114e                HAL_SYSTICK_Config
 *fill*         0x08001166        0x2 
 .text.HAL_GPIO_Init
                0x08001168      0x328 ./Drivers/STM32F4xx_HAL_Driver/Src/stm32f4xx_hal_gpio.o
                0x08001168                HAL_GPIO_Init
 .text.HAL_GPIO_ReadPin
                0x08001490       0x30 ./Drivers/STM32F4xx_HAL_Driver/Src/stm32f4xx_hal_gpio.o
                0x08001490                HAL_GPIO_ReadPin
 .text.HAL_GPIO_WritePin
                0x080014c0       0x32 ./Drivers/STM32F4xx_HAL_Driver/Src/stm32f4xx_hal_gpio.o
                0x080014c0                HAL_GPIO_WritePin
 *fill*         0x080014f2        0x2 
 .text.HAL_I2C_Init
                0x080014f4      0x288 ./Drivers/STM32F4xx_HAL_Driver/Src/stm32f4xx_hal_i2c.o
                0x080014f4                HAL_I2C_Init
 .text.HAL_I2C_Mem_Write
                0x0800177c      0x1f4 ./Drivers/STM32F4xx_HAL_Driver/Src/stm32f4xx_hal_i2c.o
                0x0800177c                HAL_I2C_Mem_Write
 .text.HAL_I2C_Mem_Read
                0x08001970      0x464 ./Drivers/STM32F4xx_HAL_Driver/Src/stm32f4xx_hal_i2c.o
                0x08001970                HAL_I2C_Mem_Read
 .text.I2C_RequestMemoryWrite
                0x08001dd4      0x12c ./Drivers/STM32F4xx_HAL_Driver/Src/stm32f4xx_hal_i2c.o
 .text.I2C_RequestMemoryRead
                0x08001f00      0x1d0 ./Drivers/STM32F4xx_HAL_Driver/Src/stm32f4xx_hal_i2c.o
 .text.I2C_WaitOnFlagUntilTimeout
                0x080020d0       0xf4 ./Drivers/STM32F4xx_HAL_Driver/Src/stm32f4xx_hal_i2c.o
 .text.I2C_WaitOnMasterAddressFlagUntilTimeout
                0x080021c4      0x140 ./Drivers/STM32F4xx_HAL_Driver/Src/stm32f4xx_hal_i2c.o
 .text.I2C_WaitOnTXEFlagUntilTimeout
                0x08002304       0x90 ./Drivers/STM32F4xx_HAL_Driver/Src/stm32f4xx_hal_i2c.o
 .text.I2C_WaitOnBTFFlagUntilTimeout
                0x08002394       0x90 ./Drivers/STM32F4xx_HAL_Driver/Src/stm32f4xx_hal_i2c.o
 .text.I2C_WaitOnRXNEFlagUntilTimeout
                0x08002424       0xba ./Drivers/STM32F4xx_HAL_Driver/Src/stm32f4xx_hal_i2c.o
 .text.I2C_IsAcknowledgeFailed
                0x080024de       0x5e ./Drivers/STM32F4xx_HAL_Driver/Src/stm32f4xx_hal_i2c.o
 .text.HAL_PWREx_EnableOverDrive
                0x0800253c       0xa0 ./Drivers/STM32F4xx_HAL_Driver/Src/stm32f4xx_hal_pwr_ex.o
                0x0800253c                HAL_PWREx_EnableOverDrive
 .text.HAL_RCC_ClockConfig
                0x080025dc      0x1cc ./Drivers/STM32F4xx_HAL_Driver/Src/stm32f4xx_hal_rcc.o
                0x080025dc                HAL_RCC_ClockConfig
 .text.HAL_RCC_GetHCLKFreq
                0x080027a8       0x18 ./Drivers/STM32F4xx_HAL_Driver/Src/stm32f4xx_hal_rcc.o
                0x080027a8                HAL_RCC_GetHCLKFreq
 .text.HAL_RCC_GetPCLK1Freq
                0x080027c0       0x28 ./Drivers/STM32F4xx_HAL_Driver/Src/stm32f4xx_hal_rcc.o
                0x080027c0                HAL_RCC_GetPCLK1Freq
 .text.HAL_RCC_GetPCLK2Freq
                0x080027e8       0x28 ./Drivers/STM32F4xx_HAL_Driver/Src/stm32f4xx_hal_rcc.o
                0x080027e8                HAL_RCC_GetPCLK2Freq
 .text.HAL_RCC_GetSysClockFreq
                0x08002810      0x460 ./Drivers/STM32F4xx_HAL_Driver/Src/stm32f4xx_hal_rcc_ex.o
                0x08002810                HAL_RCC_GetSysClockFreq
 .text.HAL_RCC_OscConfig
                0x08002c70      0x53c ./Drivers/STM32F4xx_HAL_Driver/Src/stm32f4xx_hal_rcc_ex.o
                0x08002c70                HAL_RCC_OscConfig
 .text.HAL_TIM_Base_Init
                0x080031ac       0x9e ./Drivers/STM32F4xx_HAL_Driver/Src/stm32f4xx_hal_tim.o
                0x080031ac                HAL_TIM_Base_Init
 .text.HAL_TIM_OC_Init
                0x0800324a       0x9e ./Drivers/STM32F4xx_HAL_Driver/Src/stm32f4xx_hal_tim.o
                0x0800324a                HAL_TIM_OC_Init
 .text.HAL_TIM_OC_MspInit
                0x080032e8       0x14 ./Drivers/STM32F4xx_HAL_Driver/Src/stm32f4xx_hal_tim.o
                0x080032e8                HAL_TIM_OC_MspInit
 .text.HAL_TIM_OC_Start_IT
                0x080032fc      0x22c ./Drivers/STM32F4xx_HAL_Driver/Src/stm32f4xx_hal_tim.o
                0x080032fc                HAL_TIM_OC_Start_IT
 .text.HAL_TIM_OC_Stop_IT
                0x08003528      0x17c ./Drivers/STM32F4xx_HAL_Driver/Src/stm32f4xx_hal_tim.o
                0x08003528                HAL_TIM_OC_Stop_IT
 .text.HAL_TIM_IRQHandler
                0x080036a4      0x1e0 ./Drivers/STM32F4xx_HAL_Driver/Src/stm32f4xx_hal_tim.o
                0x080036a4                HAL_TIM_IRQHandler
 .text.HAL_TIM_OC_ConfigChannel
                0x08003884       0xb8 ./Drivers/STM32F4xx_HAL_Driver/Src/stm32f4xx_hal_tim.o
                0x08003884                HAL_TIM_OC_ConfigChannel
 .text.HAL_TIM_PeriodElapsedCallback
                0x0800393c       0x14 ./Drivers/STM32F4xx_HAL_Driver/Src/stm32f4xx_hal_tim.o
                0x0800393c                HAL_TIM_PeriodElapsedCallback
 .text.HAL_TIM_IC_CaptureCallback
                0x08003950       0x14 ./Drivers/STM32F4xx_HAL_Driver/Src/stm32f4xx_hal_tim.o
                0x08003950                HAL_TIM_IC_CaptureCallback
 .text.HAL_TIM_PWM_PulseFinishedCallback
                0x08003964       0x14 ./Drivers/STM32F4xx_HAL_Driver/Src/stm32f4xx_hal_tim.o
                0x08003964                HAL_TIM_PWM_PulseFinishedCallback
 .text.HAL_TIM_TriggerCallback
                0x08003978       0x14 ./Drivers/STM32F4xx_HAL_Driver/Src/stm32f4xx_hal_tim.o
                0x08003978                HAL_TIM_TriggerCallback
 .text.TIM_Base_SetConfig
                0x0800398c      0x14c ./Drivers/STM32F4xx_HAL_Driver/Src/stm32f4xx_hal_tim.o
                0x0800398c                TIM_Base_SetConfig
 .text.TIM_OC1_SetConfig
                0x08003ad8       0xe0 ./Drivers/STM32F4xx_HAL_Driver/Src/stm32f4xx_hal_tim.o
 .text.TIM_OC2_SetConfig
                0x08003bb8       0xec ./Drivers/STM32F4xx_HAL_Driver/Src/stm32f4xx_hal_tim.o
                0x08003bb8                TIM_OC2_SetConfig
 .text.TIM_OC3_SetConfig
                0x08003ca4       0xe8 ./Drivers/STM32F4xx_HAL_Driver/Src/stm32f4xx_hal_tim.o
 .text.TIM_OC4_SetConfig
                0x08003d8c       0xac ./Drivers/STM32F4xx_HAL_Driver/Src/stm32f4xx_hal_tim.o
 .text.TIM_CCxChannelCmd
                0x08003e38       0x4a ./Drivers/STM32F4xx_HAL_Driver/Src/stm32f4xx_hal_tim.o
                0x08003e38                TIM_CCxChannelCmd
 .text.HAL_TIMEx_CommutCallback
                0x08003e82       0x14 ./Drivers/STM32F4xx_HAL_Driver/Src/stm32f4xx_hal_tim_ex.o
                0x08003e82                HAL_TIMEx_CommutCallback
 .text.HAL_TIMEx_BreakCallback
                0x08003e96       0x14 ./Drivers/STM32F4xx_HAL_Driver/Src/stm32f4xx_hal_tim_ex.o
                0x08003e96                HAL_TIMEx_BreakCallback
 .text.HAL_UART_Init
                0x08003eaa       0xa0 ./Drivers/STM32F4xx_HAL_Driver/Src/stm32f4xx_hal_uart.o
                0x08003eaa                HAL_UART_Init
 *fill*         0x08003f4a        0x2 
 .text.UART_SetConfig
                0x08003f4c      0x4e8 ./Drivers/STM32F4xx_HAL_Driver/Src/stm32f4xx_hal_uart.o
 .text.servo_driver_init
                0x08004434       0x90 ./user_files/src/servo_driver.o
                0x08004434                servo_driver_init
 .text.servo_set_pwm
                0x080044c4       0xe0 ./user_files/src/servo_driver.o
                0x080044c4                servo_set_pwm
 .text.servo_driver_set_prescale
                0x080045a4       0x4c ./user_files/src/servo_driver.o
                0x080045a4                servo_driver_set_prescale
 .text.servo_driver_sleep
                0x080045f0       0x58 ./user_files/src/servo_driver.o
                0x080045f0                servo_driver_sleep
 .text.servo_driver_wakeup
                0x08004648       0x58 ./user_files/src/servo_driver.o
                0x08004648                servo_driver_wakeup
 .text.HAL_TIM_OC_DelayElapsedCallback
                0x080046a0       0x44 ./user_files/src/stepper_driver.o
                0x080046a0                HAL_TIM_OC_DelayElapsedCallback
 .text.memset   0x080046e4       0x10 /Applications/STM32CubeIDE.app/Contents/Eclipse/plugins/com.st.stm32cube.ide.mcu.externaltools.gnu-tools-for-stm32.13.3.rel1.macos64_1.0.0.202411102158/tools/bin/../lib/gcc/arm-none-eabi/13.3.1/../../../../arm-none-eabi/lib/thumb/v7e-m+fp/hard/libc_nano.a(libc_a-memset.o)
                0x080046e4                memset
 .text.__libc_init_array
                0x080046f4       0x48 /Applications/STM32CubeIDE.app/Contents/Eclipse/plugins/com.st.stm32cube.ide.mcu.externaltools.gnu-tools-for-stm32.13.3.rel1.macos64_1.0.0.202411102158/tools/bin/../lib/gcc/arm-none-eabi/13.3.1/../../../../arm-none-eabi/lib/thumb/v7e-m+fp/hard/libc_nano.a(libc_a-init.o)
                0x080046f4                __libc_init_array
 *(.glue_7)
 .glue_7        0x0800473c        0x0 linker stubs
 *(.glue_7t)
 .glue_7t       0x0800473c        0x0 linker stubs
 *(.eh_frame)
 .eh_frame      0x0800473c        0x0 /Applications/STM32CubeIDE.app/Contents/Eclipse/plugins/com.st.stm32cube.ide.mcu.externaltools.gnu-tools-for-stm32.13.3.rel1.macos64_1.0.0.202411102158/tools/bin/../lib/gcc/arm-none-eabi/13.3.1/thumb/v7e-m+fp/hard/crtbegin.o
 *(.init)
 .init          0x0800473c        0x4 /Applications/STM32CubeIDE.app/Contents/Eclipse/plugins/com.st.stm32cube.ide.mcu.externaltools.gnu-tools-for-stm32.13.3.rel1.macos64_1.0.0.202411102158/tools/bin/../lib/gcc/arm-none-eabi/13.3.1/thumb/v7e-m+fp/hard/crti.o
                0x0800473c                _init
 .init          0x08004740        0x8 /Applications/STM32CubeIDE.app/Contents/Eclipse/plugins/com.st.stm32cube.ide.mcu.externaltools.gnu-tools-for-stm32.13.3.rel1.macos64_1.0.0.202411102158/tools/bin/../lib/gcc/arm-none-eabi/13.3.1/thumb/v7e-m+fp/hard/crtn.o
 *(.fini)
 .fini          0x08004748        0x4 /Applications/STM32CubeIDE.app/Contents/Eclipse/plugins/com.st.stm32cube.ide.mcu.externaltools.gnu-tools-for-stm32.13.3.rel1.macos64_1.0.0.202411102158/tools/bin/../lib/gcc/arm-none-eabi/13.3.1/thumb/v7e-m+fp/hard/crti.o
                0x08004748                _fini
 .fini          0x0800474c        0x8 /Applications/STM32CubeIDE.app/Contents/Eclipse/plugins/com.st.stm32cube.ide.mcu.externaltools.gnu-tools-for-stm32.13.3.rel1.macos64_1.0.0.202411102158/tools/bin/../lib/gcc/arm-none-eabi/13.3.1/thumb/v7e-m+fp/hard/crtn.o
                0x08004754                        . = ALIGN (0x4)
                0x08004754                        _etext = .

.vfp11_veneer   0x08004754        0x0
 .vfp11_veneer  0x08004754        0x0 linker stubs

.v4_bx          0x08004754        0x0
 .v4_bx         0x08004754        0x0 linker stubs

.iplt           0x08004754        0x0
 .iplt          0x08004754        0x0 /Applications/STM32CubeIDE.app/Contents/Eclipse/plugins/com.st.stm32cube.ide.mcu.externaltools.gnu-tools-for-stm32.13.3.rel1.macos64_1.0.0.202411102158/tools/bin/../lib/gcc/arm-none-eabi/13.3.1/thumb/v7e-m+fp/hard/crtbegin.o

.rodata         0x08004754       0x30
                0x08004754                        . = ALIGN (0x4)
 *(.rodata)
 *(.rodata*)
 .rodata.AHBPrescTable
                0x08004754       0x10 ./Core/Src/system_stm32f4xx.o
                0x08004754                AHBPrescTable
 .rodata.APBPrescTable
                0x08004764        0x8 ./Core/Src/system_stm32f4xx.o
                0x08004764                APBPrescTable
 .rodata.servo_register_map
                0x0800476c       0x18 ./user_files/src/servo_driver.o
                0x08004784                        . = ALIGN (0x4)

.ARM.extab      0x08004784        0x0
                0x08004784                        . = ALIGN (0x4)
 *(.ARM.extab* .gnu.linkonce.armextab.*)
                0x08004784                        . = ALIGN (0x4)

.ARM            0x08004784        0x8
                0x08004784                        . = ALIGN (0x4)
                0x08004784                        __exidx_start = .
 *(.ARM.exidx*)
 .ARM.exidx     0x08004784        0x8 /Applications/STM32CubeIDE.app/Contents/Eclipse/plugins/com.st.stm32cube.ide.mcu.externaltools.gnu-tools-for-stm32.13.3.rel1.macos64_1.0.0.202411102158/tools/bin/../lib/gcc/arm-none-eabi/13.3.1/thumb/v7e-m+fp/hard/libgcc.a(_udivmoddi4.o)
                0x0800478c                        __exidx_end = .
                0x0800478c                        . = ALIGN (0x4)

.preinit_array  0x0800478c        0x0
                0x0800478c                        . = ALIGN (0x4)
                0x0800478c                        PROVIDE (__preinit_array_start = .)
 *(.preinit_array*)
                0x0800478c                        PROVIDE (__preinit_array_end = .)
                0x0800478c                        . = ALIGN (0x4)

.init_array     0x0800478c        0x4
                0x0800478c                        . = ALIGN (0x4)
                0x0800478c                        PROVIDE (__init_array_start = .)
 *(SORT_BY_NAME(.init_array.*))
 *(.init_array*)
 .init_array    0x0800478c        0x4 /Applications/STM32CubeIDE.app/Contents/Eclipse/plugins/com.st.stm32cube.ide.mcu.externaltools.gnu-tools-for-stm32.13.3.rel1.macos64_1.0.0.202411102158/tools/bin/../lib/gcc/arm-none-eabi/13.3.1/thumb/v7e-m+fp/hard/crtbegin.o
                0x08004790                        PROVIDE (__init_array_end = .)
                0x08004790                        . = ALIGN (0x4)

.fini_array     0x08004790        0x4
                0x08004790                        . = ALIGN (0x4)
                [!provide]                        PROVIDE (__fini_array_start = .)
 *(SORT_BY_NAME(.fini_array.*))
 *(.fini_array*)
 .fini_array    0x08004790        0x4 /Applications/STM32CubeIDE.app/Contents/Eclipse/plugins/com.st.stm32cube.ide.mcu.externaltools.gnu-tools-for-stm32.13.3.rel1.macos64_1.0.0.202411102158/tools/bin/../lib/gcc/arm-none-eabi/13.3.1/thumb/v7e-m+fp/hard/crtbegin.o
                [!provide]                        PROVIDE (__fini_array_end = .)
                0x08004794                        . = ALIGN (0x4)
                0x08004794                        _sidata = LOADADDR (.data)

.rel.dyn        0x08004794        0x0
 .rel.iplt      0x08004794        0x0 /Applications/STM32CubeIDE.app/Contents/Eclipse/plugins/com.st.stm32cube.ide.mcu.externaltools.gnu-tools-for-stm32.13.3.rel1.macos64_1.0.0.202411102158/tools/bin/../lib/gcc/arm-none-eabi/13.3.1/thumb/v7e-m+fp/hard/crtbegin.o

.data           0x20000000       0x48 load address 0x08004794
                0x20000000                        . = ALIGN (0x4)
                0x20000000                        _sdata = .
 *(.data)
 *(.data*)
 .data.SystemCoreClock
                0x20000000        0x4 ./Core/Src/system_stm32f4xx.o
                0x20000000                SystemCoreClock
 .data.uwTickPrio
                0x20000004        0x4 ./Drivers/STM32F4xx_HAL_Driver/Src/stm32f4xx_hal.o
                0x20000004                uwTickPrio
 .data.uwTickFreq
                0x20000008        0x1 ./Drivers/STM32F4xx_HAL_Driver/Src/stm32f4xx_hal.o
                0x20000008                uwTickFreq
 *fill*         0x20000009        0x3 
 .data.servos   0x2000000c       0x3c ./user_files/src/servo_driver.o
                0x2000000c                servos
 *(.RamFunc)
 *(.RamFunc*)
                0x20000048                        . = ALIGN (0x4)
                0x20000048                        _edata = .

.igot.plt       0x20000048        0x0 load address 0x080047dc
 .igot.plt      0x20000048        0x0 /Applications/STM32CubeIDE.app/Contents/Eclipse/plugins/com.st.stm32cube.ide.mcu.externaltools.gnu-tools-for-stm32.13.3.rel1.macos64_1.0.0.202411102158/tools/bin/../lib/gcc/arm-none-eabi/13.3.1/thumb/v7e-m+fp/hard/crtbegin.o
                0x20000048                        . = ALIGN (0x4)

.bss            0x20000048      0x10c load address 0x080047dc
                0x20000048                        _sbss = .
                0x20000048                        __bss_start__ = _sbss
 *(.bss)
 .bss           0x20000048       0x1c /Applications/STM32CubeIDE.app/Contents/Eclipse/plugins/com.st.stm32cube.ide.mcu.externaltools.gnu-tools-for-stm32.13.3.rel1.macos64_1.0.0.202411102158/tools/bin/../lib/gcc/arm-none-eabi/13.3.1/thumb/v7e-m+fp/hard/crtbegin.o
 *(.bss*)
 .bss.hi2c2     0x20000064       0x54 ./Core/Src/main.o
                0x20000064                hi2c2
 .bss.htim10    0x200000b8       0x48 ./Core/Src/main.o
                0x200000b8                htim10
 .bss.huart2    0x20000100       0x48 ./Core/Src/main.o
                0x20000100                huart2
 .bss.uwTick    0x20000148        0x4 ./Drivers/STM32F4xx_HAL_Driver/Src/stm32f4xx_hal.o
                0x20000148                uwTick
 .bss.servo_i2c_handle
                0x2000014c        0x4 ./user_files/src/servo_driver.o
 .bss.stepper_step_count
                0x20000150        0x4 ./user_files/src/stepper_driver.o
 *(COMMON)
                0x20000154                        . = ALIGN (0x4)
                0x20000154                        _ebss = .
                0x20000154                        __bss_end__ = _ebss

._user_heap_stack
                0x20000154      0x604 load address 0x080047dc
                0x20000158                        . = ALIGN (0x8)
 *fill*         0x20000154        0x4 
                [!provide]                        PROVIDE (end = .)
                0x20000158                        PROVIDE (_end = .)
                0x20000358                        . = (. + _Min_Heap_Size)
 *fill*         0x20000158      0x200 
                0x20000758                        . = (. + _Min_Stack_Size)
 *fill*         0x20000358      0x400 
                0x20000758                        . = ALIGN (0x8)

/DISCARD/
 libc.a(*)
 libm.a(*)
 libgcc.a(*)

.ARM.attributes
                0x00000000       0x30
 *(.ARM.attributes)
 .ARM.attributes
                0x00000000       0x22 /Applications/STM32CubeIDE.app/Contents/Eclipse/plugins/com.st.stm32cube.ide.mcu.externaltools.gnu-tools-for-stm32.13.3.rel1.macos64_1.0.0.202411102158/tools/bin/../lib/gcc/arm-none-eabi/13.3.1/thumb/v7e-m+fp/hard/crti.o
 .ARM.attributes
                0x00000022       0x34 /Applications/STM32CubeIDE.app/Contents/Eclipse/plugins/com.st.stm32cube.ide.mcu.externaltools.gnu-tools-for-stm32.13.3.rel1.macos64_1.0.0.202411102158/tools/bin/../lib/gcc/arm-none-eabi/13.3.1/thumb/v7e-m+fp/hard/crtbegin.o
 .ARM.attributes
                0x00000056       0x34 ./Core/Src/main.o
 .ARM.attributes
                0x0000008a       0x34 ./Core/Src/stm32f4xx_hal_msp.o
 .ARM.attributes
                0x000000be       0x34 ./Core/Src/stm32f4xx_it.o
 .ARM.attributes
                0x000000f2       0x34 ./Core/Src/system_stm32f4xx.o
 .ARM.attributes
                0x00000126       0x21 ./Core/Startup/startup_stm32f446retx.o
 .ARM.attributes
                0x00000147       0x34 ./Drivers/STM32F4xx_HAL_Driver/Src/stm32f4xx_hal.o
 .ARM.attributes
                0x0000017b       0x34 ./Drivers/STM32F4xx_HAL_Driver/Src/stm32f4xx_hal_cortex.o
 .ARM.attributes
                0x000001af       0x34 ./Drivers/STM32F4xx_HAL_Driver/Src/stm32f4xx_hal_gpio.o
 .ARM.attributes
                0x000001e3       0x34 ./Drivers/STM32F4xx_HAL_Driver/Src/stm32f4xx_hal_i2c.o
 .ARM.attributes
                0x00000217       0x34 ./Drivers/STM32F4xx_HAL_Driver/Src/stm32f4xx_hal_pwr_ex.o
 .ARM.attributes
                0x0000024b       0x34 ./Drivers/STM32F4xx_HAL_Driver/Src/stm32f4xx_hal_rcc.o
 .ARM.attributes
                0x0000027f       0x34 ./Drivers/STM32F4xx_HAL_Driver/Src/stm32f4xx_hal_rcc_ex.o
 .ARM.attributes
                0x000002b3       0x34 ./Drivers/STM32F4xx_HAL_Driver/Src/stm32f4xx_hal_tim.o
 .ARM.attributes
                0x000002e7       0x34 ./Drivers/STM32F4xx_HAL_Driver/Src/stm32f4xx_hal_tim_ex.o
 .ARM.attributes
                0x0000031b       0x34 ./Drivers/STM32F4xx_HAL_Driver/Src/stm32f4xx_hal_uart.o
 .ARM.attributes
                0x0000034f       0x34 ./user_files/src/servo_driver.o
 .ARM.attributes
                0x00000383       0x34 ./user_files/src/stepper_driver.o
 .ARM.attributes
                0x000003b7       0x34 /Applications/STM32CubeIDE.app/Contents/Eclipse/plugins/com.st.stm32cube.ide.mcu.externaltools.gnu-tools-for-stm32.13.3.rel1.macos64_1.0.0.202411102158/tools/bin/../lib/gcc/arm-none-eabi/13.3.1/../../../../arm-none-eabi/lib/thumb/v7e-m+fp/hard/libc_nano.a(libc_a-memset.o)
 .ARM.attributes
                0x000003eb       0x34 /Applications/STM32CubeIDE.app/Contents/Eclipse/plugins/com.st.stm32cube.ide.mcu.externaltools.gnu-tools-for-stm32.13.3.rel1.macos64_1.0.0.202411102158/tools/bin/../lib/gcc/arm-none-eabi/13.3.1/../../../../arm-none-eabi/lib/thumb/v7e-m+fp/hard/libc_nano.a(libc_a-init.o)
 .ARM.attributes
                0x0000041f       0x22 /Applications/STM32CubeIDE.app/Contents/Eclipse/plugins/com.st.stm32cube.ide.mcu.externaltools.gnu-tools-for-stm32.13.3.rel1.macos64_1.0.0.202411102158/tools/bin/../lib/gcc/arm-none-eabi/13.3.1/thumb/v7e-m+fp/hard/libgcc.a(_aeabi_uldivmod.o)
 .ARM.attributes
                0x00000441       0x34 /Applications/STM32CubeIDE.app/Contents/Eclipse/plugins/com.st.stm32cube.ide.mcu.externaltools.gnu-tools-for-stm32.13.3.rel1.macos64_1.0.0.202411102158/tools/bin/../lib/gcc/arm-none-eabi/13.3.1/thumb/v7e-m+fp/hard/libgcc.a(_udivmoddi4.o)
 .ARM.attributes
                0x00000475       0x22 /Applications/STM32CubeIDE.app/Contents/Eclipse/plugins/com.st.stm32cube.ide.mcu.externaltools.gnu-tools-for-stm32.13.3.rel1.macos64_1.0.0.202411102158/tools/bin/../lib/gcc/arm-none-eabi/13.3.1/thumb/v7e-m+fp/hard/libgcc.a(_dvmd_tls.o)
 .ARM.attributes
                0x00000497       0x22 /Applications/STM32CubeIDE.app/Contents/Eclipse/plugins/com.st.stm32cube.ide.mcu.externaltools.gnu-tools-for-stm32.13.3.rel1.macos64_1.0.0.202411102158/tools/bin/../lib/gcc/arm-none-eabi/13.3.1/thumb/v7e-m+fp/hard/crtn.o
OUTPUT(Robot_Arm.elf elf32-littlearm)
LOAD linker stubs
LOAD /Applications/STM32CubeIDE.app/Contents/Eclipse/plugins/com.st.stm32cube.ide.mcu.externaltools.gnu-tools-for-stm32.13.3.rel1.macos64_1.0.0.202411102158/tools/bin/../lib/gcc/arm-none-eabi/13.3.1/../../../../arm-none-eabi/lib/thumb/v7e-m+fp/hard/libc.a
LOAD /Applications/STM32CubeIDE.app/Contents/Eclipse/plugins/com.st.stm32cube.ide.mcu.externaltools.gnu-tools-for-stm32.13.3.rel1.macos64_1.0.0.202411102158/tools/bin/../lib/gcc/arm-none-eabi/13.3.1/../../../../arm-none-eabi/lib/thumb/v7e-m+fp/hard/libm.a
LOAD /Applications/STM32CubeIDE.app/Contents/Eclipse/plugins/com.st.stm32cube.ide.mcu.externaltools.gnu-tools-for-stm32.13.3.rel1.macos64_1.0.0.202411102158/tools/bin/../lib/gcc/arm-none-eabi/13.3.1/thumb/v7e-m+fp/hard/libgcc.a

.debug_info     0x00000000    0x10e28
 .debug_info    0x00000000     0x148b ./Core/Src/main.o
 .debug_info    0x0000148b     0x1322 ./Core/Src/stm32f4xx_hal_msp.o
 .debug_info    0x000027ad      0x6e1 ./Core/Src/stm32f4xx_it.o
 .debug_info    0x00002e8e      0x54a ./Core/Src/system_stm32f4xx.o
 .debug_info    0x000033d8       0x30 ./Core/Startup/startup_stm32f446retx.o
 .debug_info    0x00003408      0x99a ./Drivers/STM32F4xx_HAL_Driver/Src/stm32f4xx_hal.o
 .debug_info    0x00003da2      0xdaa ./Drivers/STM32F4xx_HAL_Driver/Src/stm32f4xx_hal_cortex.o
 .debug_info    0x00004b4c      0x70b ./Drivers/STM32F4xx_HAL_Driver/Src/stm32f4xx_hal_gpio.o
 .debug_info    0x00005257     0x2421 ./Drivers/STM32F4xx_HAL_Driver/Src/stm32f4xx_hal_i2c.o
 .debug_info    0x00007678      0x6da ./Drivers/STM32F4xx_HAL_Driver/Src/stm32f4xx_hal_pwr_ex.o
 .debug_info    0x00007d52      0x8ff ./Drivers/STM32F4xx_HAL_Driver/Src/stm32f4xx_hal_rcc.o
 .debug_info    0x00008651      0x960 ./Drivers/STM32F4xx_HAL_Driver/Src/stm32f4xx_hal_rcc_ex.o
 .debug_info    0x00008fb1     0x299d ./Drivers/STM32F4xx_HAL_Driver/Src/stm32f4xx_hal_tim.o
 .debug_info    0x0000b94e     0x14db ./Drivers/STM32F4xx_HAL_Driver/Src/stm32f4xx_hal_tim_ex.o
 .debug_info    0x0000ce29     0x2f4f ./Drivers/STM32F4xx_HAL_Driver/Src/stm32f4xx_hal_uart.o
 .debug_info    0x0000fd78      0x8ce ./user_files/src/servo_driver.o
 .debug_info    0x00010646      0x7e2 ./user_files/src/stepper_driver.o

.debug_abbrev   0x00000000     0x2359
 .debug_abbrev  0x00000000      0x2ae ./Core/Src/main.o
 .debug_abbrev  0x000002ae      0x20a ./Core/Src/stm32f4xx_hal_msp.o
 .debug_abbrev  0x000004b8      0x192 ./Core/Src/stm32f4xx_it.o
 .debug_abbrev  0x0000064a      0x11a ./Core/Src/system_stm32f4xx.o
 .debug_abbrev  0x00000764       0x24 ./Core/Startup/startup_stm32f446retx.o
 .debug_abbrev  0x00000788      0x214 ./Drivers/STM32F4xx_HAL_Driver/Src/stm32f4xx_hal.o
 .debug_abbrev  0x0000099c      0x31d ./Drivers/STM32F4xx_HAL_Driver/Src/stm32f4xx_hal_cortex.o
 .debug_abbrev  0x00000cb9      0x1d4 ./Drivers/STM32F4xx_HAL_Driver/Src/stm32f4xx_hal_gpio.o
 .debug_abbrev  0x00000e8d      0x2ad ./Drivers/STM32F4xx_HAL_Driver/Src/stm32f4xx_hal_i2c.o
 .debug_abbrev  0x0000113a      0x1cf ./Drivers/STM32F4xx_HAL_Driver/Src/stm32f4xx_hal_pwr_ex.o
 .debug_abbrev  0x00001309      0x2b7 ./Drivers/STM32F4xx_HAL_Driver/Src/stm32f4xx_hal_rcc.o
 .debug_abbrev  0x000015c0      0x211 ./Drivers/STM32F4xx_HAL_Driver/Src/stm32f4xx_hal_rcc_ex.o
 .debug_abbrev  0x000017d1      0x278 ./Drivers/STM32F4xx_HAL_Driver/Src/stm32f4xx_hal_tim.o
 .debug_abbrev  0x00001a49      0x283 ./Drivers/STM32F4xx_HAL_Driver/Src/stm32f4xx_hal_tim_ex.o
 .debug_abbrev  0x00001ccc      0x30e ./Drivers/STM32F4xx_HAL_Driver/Src/stm32f4xx_hal_uart.o
 .debug_abbrev  0x00001fda      0x1db ./user_files/src/servo_driver.o
 .debug_abbrev  0x000021b5      0x1a4 ./user_files/src/stepper_driver.o

.debug_aranges  0x00000000      0xf88
 .debug_aranges
                0x00000000       0x50 ./Core/Src/main.o
 .debug_aranges
                0x00000050       0x58 ./Core/Src/stm32f4xx_hal_msp.o
 .debug_aranges
                0x000000a8       0x68 ./Core/Src/stm32f4xx_it.o
 .debug_aranges
                0x00000110       0x28 ./Core/Src/system_stm32f4xx.o
 .debug_aranges
                0x00000138       0x28 ./Core/Startup/startup_stm32f446retx.o
 .debug_aranges
                0x00000160       0xf0 ./Drivers/STM32F4xx_HAL_Driver/Src/stm32f4xx_hal.o
 .debug_aranges
                0x00000250      0x130 ./Drivers/STM32F4xx_HAL_Driver/Src/stm32f4xx_hal_cortex.o
 .debug_aranges
                0x00000380       0x58 ./Drivers/STM32F4xx_HAL_Driver/Src/stm32f4xx_hal_gpio.o
 .debug_aranges
                0x000003d8      0x2a8 ./Drivers/STM32F4xx_HAL_Driver/Src/stm32f4xx_hal_i2c.o
 .debug_aranges
                0x00000680       0x60 ./Drivers/STM32F4xx_HAL_Driver/Src/stm32f4xx_hal_pwr_ex.o
 .debug_aranges
                0x000006e0       0x88 ./Drivers/STM32F4xx_HAL_Driver/Src/stm32f4xx_hal_rcc.o
 .debug_aranges
                0x00000768       0x78 ./Drivers/STM32F4xx_HAL_Driver/Src/stm32f4xx_hal_rcc_ex.o
 .debug_aranges
                0x000007e0      0x3d0 ./Drivers/STM32F4xx_HAL_Driver/Src/stm32f4xx_hal_tim.o
 .debug_aranges
                0x00000bb0      0x168 ./Drivers/STM32F4xx_HAL_Driver/Src/stm32f4xx_hal_tim_ex.o
 .debug_aranges
                0x00000d18      0x208 ./Drivers/STM32F4xx_HAL_Driver/Src/stm32f4xx_hal_uart.o
 .debug_aranges
                0x00000f20       0x40 ./user_files/src/servo_driver.o
 .debug_aranges
                0x00000f60       0x28 ./user_files/src/stepper_driver.o

.debug_rnglists
                0x00000000      0xc4c
 .debug_rnglists
                0x00000000       0x3b ./Core/Src/main.o
 .debug_rnglists
                0x0000003b       0x3f ./Core/Src/stm32f4xx_hal_msp.o
 .debug_rnglists
                0x0000007a       0x49 ./Core/Src/stm32f4xx_it.o
 .debug_rnglists
                0x000000c3       0x1a ./Core/Src/system_stm32f4xx.o
 .debug_rnglists
                0x000000dd       0x19 ./Core/Startup/startup_stm32f446retx.o
 .debug_rnglists
                0x000000f6       0xaf ./Drivers/STM32F4xx_HAL_Driver/Src/stm32f4xx_hal.o
 .debug_rnglists
                0x000001a5       0xe0 ./Drivers/STM32F4xx_HAL_Driver/Src/stm32f4xx_hal_cortex.o
 .debug_rnglists
                0x00000285       0x3f ./Drivers/STM32F4xx_HAL_Driver/Src/stm32f4xx_hal_gpio.o
 .debug_rnglists
                0x000002c4      0x23c ./Drivers/STM32F4xx_HAL_Driver/Src/stm32f4xx_hal_i2c.o
 .debug_rnglists
                0x00000500       0x47 ./Drivers/STM32F4xx_HAL_Driver/Src/stm32f4xx_hal_pwr_ex.o
 .debug_rnglists
                0x00000547       0x66 ./Drivers/STM32F4xx_HAL_Driver/Src/stm32f4xx_hal_rcc.o
 .debug_rnglists
                0x000005ad       0x5e ./Drivers/STM32F4xx_HAL_Driver/Src/stm32f4xx_hal_rcc_ex.o
 .debug_rnglists
                0x0000060b      0x31a ./Drivers/STM32F4xx_HAL_Driver/Src/stm32f4xx_hal_tim.o
 .debug_rnglists
                0x00000925      0x125 ./Drivers/STM32F4xx_HAL_Driver/Src/stm32f4xx_hal_tim_ex.o
 .debug_rnglists
                0x00000a4a      0x1bc ./Drivers/STM32F4xx_HAL_Driver/Src/stm32f4xx_hal_uart.o
 .debug_rnglists
                0x00000c06       0x2d ./user_files/src/servo_driver.o
 .debug_rnglists
                0x00000c33       0x19 ./user_files/src/stepper_driver.o

.debug_macro    0x00000000    0x21d9b
 .debug_macro   0x00000000      0x208 ./Core/Src/main.o
 .debug_macro   0x00000208      0xad8 ./Core/Src/main.o
 .debug_macro   0x00000ce0      0x2a1 ./Core/Src/main.o
 .debug_macro   0x00000f81       0x2e ./Core/Src/main.o
 .debug_macro   0x00000faf       0x28 ./Core/Src/main.o
 .debug_macro   0x00000fd7       0x22 ./Core/Src/main.o
 .debug_macro   0x00000ff9       0x8e ./Core/Src/main.o
 .debug_macro   0x00001087       0x51 ./Core/Src/main.o
 .debug_macro   0x000010d8      0x103 ./Core/Src/main.o
 .debug_macro   0x000011db       0x6a ./Core/Src/main.o
 .debug_macro   0x00001245      0x1df ./Core/Src/main.o
 .debug_macro   0x00001424       0x1c ./Core/Src/main.o
 .debug_macro   0x00001440       0x22 ./Core/Src/main.o
 .debug_macro   0x00001462       0xfb ./Core/Src/main.o
 .debug_macro   0x0000155d     0x1011 ./Core/Src/main.o
 .debug_macro   0x0000256e      0x11f ./Core/Src/main.o
 .debug_macro   0x0000268d    0x1675e ./Core/Src/main.o
 .debug_macro   0x00018deb       0x6d ./Core/Src/main.o
 .debug_macro   0x00018e58     0x3693 ./Core/Src/main.o
 .debug_macro   0x0001c4eb      0x190 ./Core/Src/main.o
 .debug_macro   0x0001c67b       0x5c ./Core/Src/main.o
 .debug_macro   0x0001c6d7      0xca5 ./Core/Src/main.o
 .debug_macro   0x0001d37c      0x9e9 ./Core/Src/main.o
 .debug_macro   0x0001dd65      0x115 ./Core/Src/main.o
 .debug_macro   0x0001de7a      0x1a0 ./Core/Src/main.o
 .debug_macro   0x0001e01a       0xa5 ./Core/Src/main.o
 .debug_macro   0x0001e0bf      0x16d ./Core/Src/main.o
 .debug_macro   0x0001e22c      0x287 ./Core/Src/main.o
 .debug_macro   0x0001e4b3       0x5f ./Core/Src/main.o
 .debug_macro   0x0001e512      0x236 ./Core/Src/main.o
 .debug_macro   0x0001e748      0x132 ./Core/Src/main.o
 .debug_macro   0x0001e87a      0x29c ./Core/Src/main.o
 .debug_macro   0x0001eb16       0x2e ./Core/Src/main.o
 .debug_macro   0x0001eb44      0x1b5 ./Core/Src/main.o
 .debug_macro   0x0001ecf9       0x22 ./Core/Src/main.o
 .debug_macro   0x0001ed1b       0xd6 ./Core/Src/main.o
 .debug_macro   0x0001edf1      0x127 ./Core/Src/main.o
 .debug_macro   0x0001ef18       0xe8 ./Core/Src/main.o
 .debug_macro   0x0001f000       0x89 ./Core/Src/main.o
 .debug_macro   0x0001f089      0x8ed ./Core/Src/main.o
 .debug_macro   0x0001f976       0x53 ./Core/Src/main.o
 .debug_macro   0x0001f9c9      0x2aa ./Core/Src/main.o
 .debug_macro   0x0001fc73      0x126 ./Core/Src/main.o
 .debug_macro   0x0001fd99      0x10c ./Core/Src/main.o
 .debug_macro   0x0001fea5       0x8e ./Core/Src/main.o
 .debug_macro   0x0001ff33       0x16 ./Core/Src/main.o
 .debug_macro   0x0001ff49      0x1f6 ./Core/Src/stm32f4xx_hal_msp.o
 .debug_macro   0x0002013f      0x200 ./Core/Src/stm32f4xx_it.o
 .debug_macro   0x0002033f      0x1e7 ./Core/Src/system_stm32f4xx.o
 .debug_macro   0x00020526      0x247 ./Drivers/STM32F4xx_HAL_Driver/Src/stm32f4xx_hal.o
 .debug_macro   0x0002076d      0x1e7 ./Drivers/STM32F4xx_HAL_Driver/Src/stm32f4xx_hal_cortex.o
 .debug_macro   0x00020954      0x1ed ./Drivers/STM32F4xx_HAL_Driver/Src/stm32f4xx_hal_gpio.o
 .debug_macro   0x00020b41      0x235 ./Drivers/STM32F4xx_HAL_Driver/Src/stm32f4xx_hal_i2c.o
 .debug_macro   0x00020d76      0x1ff ./Drivers/STM32F4xx_HAL_Driver/Src/stm32f4xx_hal_pwr_ex.o
 .debug_macro   0x00020f75      0x20b ./Drivers/STM32F4xx_HAL_Driver/Src/stm32f4xx_hal_rcc.o
 .debug_macro   0x00021180      0x1e7 ./Drivers/STM32F4xx_HAL_Driver/Src/stm32f4xx_hal_rcc_ex.o
 .debug_macro   0x00021367      0x1e8 ./Drivers/STM32F4xx_HAL_Driver/Src/stm32f4xx_hal_tim.o
 .debug_macro   0x0002154f      0x1e7 ./Drivers/STM32F4xx_HAL_Driver/Src/stm32f4xx_hal_tim_ex.o
 .debug_macro   0x00021736      0x1e8 ./Drivers/STM32F4xx_HAL_Driver/Src/stm32f4xx_hal_uart.o
 .debug_macro   0x0002191e      0x1f6 ./user_files/src/servo_driver.o
 .debug_macro   0x00021b14       0x88 ./user_files/src/servo_driver.o
 .debug_macro   0x00021b9c      0x1ff ./user_files/src/stepper_driver.o

.debug_line     0x00000000    0x13040
 .debug_line    0x00000000      0x9ca ./Core/Src/main.o
 .debug_line    0x000009ca      0x824 ./Core/Src/stm32f4xx_hal_msp.o
 .debug_line    0x000011ee      0x7d3 ./Core/Src/stm32f4xx_it.o
 .debug_line    0x000019c1      0x782 ./Core/Src/system_stm32f4xx.o
 .debug_line    0x00002143       0x7a ./Core/Startup/startup_stm32f446retx.o
 .debug_line    0x000021bd      0x9fe ./Drivers/STM32F4xx_HAL_Driver/Src/stm32f4xx_hal.o
 .debug_line    0x00002bbb      0xcce ./Drivers/STM32F4xx_HAL_Driver/Src/stm32f4xx_hal_cortex.o
 .debug_line    0x00003889      0xb42 ./Drivers/STM32F4xx_HAL_Driver/Src/stm32f4xx_hal_gpio.o
 .debug_line    0x000043cb     0x3aab ./Drivers/STM32F4xx_HAL_Driver/Src/stm32f4xx_hal_i2c.o
 .debug_line    0x00007e76      0x96b ./Drivers/STM32F4xx_HAL_Driver/Src/stm32f4xx_hal_pwr_ex.o
 .debug_line    0x000087e1      0xe19 ./Drivers/STM32F4xx_HAL_Driver/Src/stm32f4xx_hal_rcc.o
 .debug_line    0x000095fa     0x14ca ./Drivers/STM32F4xx_HAL_Driver/Src/stm32f4xx_hal_rcc_ex.o
 .debug_line    0x0000aac4     0x3773 ./Drivers/STM32F4xx_HAL_Driver/Src/stm32f4xx_hal_tim.o
 .debug_line    0x0000e237     0x195e ./Drivers/STM32F4xx_HAL_Driver/Src/stm32f4xx_hal_tim_ex.o
 .debug_line    0x0000fb95     0x2546 ./Drivers/STM32F4xx_HAL_Driver/Src/stm32f4xx_hal_uart.o
 .debug_line    0x000120db      0x7fe ./user_files/src/servo_driver.o
 .debug_line    0x000128d9      0x767 ./user_files/src/stepper_driver.o

.debug_str      0x00000000    0xd02ec
 .debug_str     0x00000000    0xd02ec ./Core/Src/main.o
                              0xcc7b6 (size before relaxing)
 .debug_str     0x000d02ec    0xcc72f ./Core/Src/stm32f4xx_hal_msp.o
 .debug_str     0x000d02ec    0xcbb86 ./Core/Src/stm32f4xx_it.o
 .debug_str     0x000d02ec    0xcb28e ./Core/Src/system_stm32f4xx.o
 .debug_str     0x000d02ec       0x76 ./Core/Startup/startup_stm32f446retx.o
 .debug_str     0x000d02ec    0xcbe53 ./Drivers/STM32F4xx_HAL_Driver/Src/stm32f4xx_hal.o
 .debug_str     0x000d02ec    0xcbbaa ./Drivers/STM32F4xx_HAL_Driver/Src/stm32f4xx_hal_cortex.o
 .debug_str     0x000d02ec    0xcb409 ./Drivers/STM32F4xx_HAL_Driver/Src/stm32f4xx_hal_gpio.o
 .debug_str     0x000d02ec    0xcc28c ./Drivers/STM32F4xx_HAL_Driver/Src/stm32f4xx_hal_i2c.o
 .debug_str     0x000d02ec    0xcb466 ./Drivers/STM32F4xx_HAL_Driver/Src/stm32f4xx_hal_pwr_ex.o
 .debug_str     0x000d02ec    0xcb6c7 ./Drivers/STM32F4xx_HAL_Driver/Src/stm32f4xx_hal_rcc.o
 .debug_str     0x000d02ec    0xcb6fa ./Drivers/STM32F4xx_HAL_Driver/Src/stm32f4xx_hal_rcc_ex.o
 .debug_str     0x000d02ec    0xcc5f3 ./Drivers/STM32F4xx_HAL_Driver/Src/stm32f4xx_hal_tim.o
 .debug_str     0x000d02ec    0xcbdff ./Drivers/STM32F4xx_HAL_Driver/Src/stm32f4xx_hal_tim_ex.o
 .debug_str     0x000d02ec    0xcbc7e ./Drivers/STM32F4xx_HAL_Driver/Src/stm32f4xx_hal_uart.o
 .debug_str     0x000d02ec    0xcba2c ./user_files/src/servo_driver.o
 .debug_str     0x000d02ec    0xcbc55 ./user_files/src/stepper_driver.o

.comment        0x00000000       0x43
 .comment       0x00000000       0x43 ./Core/Src/main.o
                                 0x44 (size before relaxing)
 .comment       0x00000043       0x44 ./Core/Src/stm32f4xx_hal_msp.o
 .comment       0x00000043       0x44 ./Core/Src/stm32f4xx_it.o
 .comment       0x00000043       0x44 ./Core/Src/system_stm32f4xx.o
 .comment       0x00000043       0x44 ./Drivers/STM32F4xx_HAL_Driver/Src/stm32f4xx_hal.o
 .comment       0x00000043       0x44 ./Drivers/STM32F4xx_HAL_Driver/Src/stm32f4xx_hal_cortex.o
 .comment       0x00000043       0x44 ./Drivers/STM32F4xx_HAL_Driver/Src/stm32f4xx_hal_gpio.o
 .comment       0x00000043       0x44 ./Drivers/STM32F4xx_HAL_Driver/Src/stm32f4xx_hal_i2c.o
 .comment       0x00000043       0x44 ./Drivers/STM32F4xx_HAL_Driver/Src/stm32f4xx_hal_pwr_ex.o
 .comment       0x00000043       0x44 ./Drivers/STM32F4xx_HAL_Driver/Src/stm32f4xx_hal_rcc.o
 .comment       0x00000043       0x44 ./Drivers/STM32F4xx_HAL_Driver/Src/stm32f4xx_hal_rcc_ex.o
 .comment       0x00000043       0x44 ./Drivers/STM32F4xx_HAL_Driver/Src/stm32f4xx_hal_tim.o
 .comment       0x00000043       0x44 ./Drivers/STM32F4xx_HAL_Driver/Src/stm32f4xx_hal_tim_ex.o
 .comment       0x00000043       0x44 ./Drivers/STM32F4xx_HAL_Driver/Src/stm32f4xx_hal_uart.o
 .comment       0x00000043       0x44 ./user_files/src/servo_driver.o
 .comment       0x00000043       0x44 ./user_files/src/stepper_driver.o

.debug_frame    0x00000000     0x421c
 .debug_frame   0x00000000       0xe8 ./Core/Src/main.o
 .debug_frame   0x000000e8      0x130 ./Core/Src/stm32f4xx_hal_msp.o
 .debug_frame   0x00000218      0x120 ./Core/Src/stm32f4xx_it.o
 .debug_frame   0x00000338       0x58 ./Core/Src/system_stm32f4xx.o
 .debug_frame   0x00000390      0x374 ./Drivers/STM32F4xx_HAL_Driver/Src/stm32f4xx_hal.o
 .debug_frame   0x00000704      0x508 ./Drivers/STM32F4xx_HAL_Driver/Src/stm32f4xx_hal_cortex.o
 .debug_frame   0x00000c0c      0x14c ./Drivers/STM32F4xx_HAL_Driver/Src/stm32f4xx_hal_gpio.o
 .debug_frame   0x00000d58      0xc84 ./Drivers/STM32F4xx_HAL_Driver/Src/stm32f4xx_hal_i2c.o
 .debug_frame   0x000019dc      0x14c ./Drivers/STM32F4xx_HAL_Driver/Src/stm32f4xx_hal_pwr_ex.o
 .debug_frame   0x00001b28      0x1f4 ./Drivers/STM32F4xx_HAL_Driver/Src/stm32f4xx_hal_rcc.o
 .debug_frame   0x00001d1c      0x1e8 ./Drivers/STM32F4xx_HAL_Driver/Src/stm32f4xx_hal_rcc_ex.o
 .debug_frame   0x00001f04     0x11c0 ./Drivers/STM32F4xx_HAL_Driver/Src/stm32f4xx_hal_tim.o
 .debug_frame   0x000030c4      0x638 ./Drivers/STM32F4xx_HAL_Driver/Src/stm32f4xx_hal_tim_ex.o
 .debug_frame   0x000036fc      0x954 ./Drivers/STM32F4xx_HAL_Driver/Src/stm32f4xx_hal_uart.o
 .debug_frame   0x00004050       0xc8 ./user_files/src/servo_driver.o
 .debug_frame   0x00004118       0x58 ./user_files/src/stepper_driver.o
 .debug_frame   0x00004170       0x20 /Applications/STM32CubeIDE.app/Contents/Eclipse/plugins/com.st.stm32cube.ide.mcu.externaltools.gnu-tools-for-stm32.13.3.rel1.macos64_1.0.0.202411102158/tools/bin/../lib/gcc/arm-none-eabi/13.3.1/../../../../arm-none-eabi/lib/thumb/v7e-m+fp/hard/libc_nano.a(libc_a-memset.o)
 .debug_frame   0x00004190       0x2c /Applications/STM32CubeIDE.app/Contents/Eclipse/plugins/com.st.stm32cube.ide.mcu.externaltools.gnu-tools-for-stm32.13.3.rel1.macos64_1.0.0.202411102158/tools/bin/../lib/gcc/arm-none-eabi/13.3.1/../../../../arm-none-eabi/lib/thumb/v7e-m+fp/hard/libc_nano.a(libc_a-init.o)
 .debug_frame   0x000041bc       0x2c /Applications/STM32CubeIDE.app/Contents/Eclipse/plugins/com.st.stm32cube.ide.mcu.externaltools.gnu-tools-for-stm32.13.3.rel1.macos64_1.0.0.202411102158/tools/bin/../lib/gcc/arm-none-eabi/13.3.1/thumb/v7e-m+fp/hard/libgcc.a(_aeabi_uldivmod.o)
 .debug_frame   0x000041e8       0x34 /Applications/STM32CubeIDE.app/Contents/Eclipse/plugins/com.st.stm32cube.ide.mcu.externaltools.gnu-tools-for-stm32.13.3.rel1.macos64_1.0.0.202411102158/tools/bin/../lib/gcc/arm-none-eabi/13.3.1/thumb/v7e-m+fp/hard/libgcc.a(_udivmoddi4.o)

.debug_line_str
                0x00000000       0x5a
 .debug_line_str
                0x00000000       0x5a ./Core/Startup/startup_stm32f446retx.o
